Clinical Report: Patient has mild viral fever and was prescribed Paracetamol.